file:///Users/xavier/Projects/github/next-mind/node_modules/vitest/dist/chunks/cac.CHfKU_gf.js:405
          throw new CACError(`Unknown option \`${name.length > 1 ? `--${name}` : `-${name}`}\``);
                ^

CACError: Unknown option `-0`
    at Command.checkUnknownOptions (file:///Users/xavier/Projects/github/next-mind/node_modules/vitest/dist/chunks/cac.CHfKU_gf.js:405:17)
    at CAC.runMatchedCommand (file:///Users/xavier/Projects/github/next-mind/node_modules/vitest/dist/chunks/cac.CHfKU_gf.js:605:13)
    at CAC.parse (file:///Users/xavier/Projects/github/next-mind/node_modules/vitest/dist/chunks/cac.CHfKU_gf.js:546:12)
    at file:///Users/xavier/Projects/github/next-mind/node_modules/vitest/dist/cli.js:29:13
    at ModuleJob.run (node:internal/modules/esm/module_job:430:25)
    at process.processTicksAndRejections (node:internal/process/task_queues:104:5)
    at async onImport.tracePromise.__proto__ (node:internal/modules/esm/loader:661:26)
    at async asyncRunEntryPointWithESMLoader (node:internal/modules/run_main:101:5)

Node.js v24.14.0
file:///Users/xavier/Projects/github/next-mind/node_modules/vitest/dist/chunks/cac.CHfKU_gf.js:405
          throw new CACError(`Unknown option \`${name.length > 1 ? `--${name}` : `-${name}`}\``);
                ^

CACError: Unknown option `-0`
    at Command.checkUnknownOptions (file:///Users/xavier/Projects/github/next-mind/node_modules/vitest/dist/chunks/cac.CHfKU_gf.js:405:17)
    at CAC.runMatchedCommand (file:///Users/xavier/Projects/github/next-mind/node_modules/vitest/dist/chunks/cac.CHfKU_gf.js:605:13)
    at CAC.parse (file:///Users/xavier/Projects/github/next-mind/node_modules/vitest/dist/chunks/cac.CHfKU_gf.js:546:12)
    at file:///Users/xavier/Projects/github/next-mind/node_modules/vitest/dist/cli.js:29:13
    at ModuleJob.run (node:internal/modules/esm/module_job:430:25)
    at process.processTicksAndRejections (node:internal/process/task_queues:104:5)
    at async onImport.tracePromise.__proto__ (node:internal/modules/esm/loader:661:26)
    at async asyncRunEntryPointWithESMLoader (node:internal/modules/run_main:101:5)

Node.js v24.14.0
